running develop
Removing /root/mobile_robotics_ws/install/lab1_turtle/lib/python3.10/site-packages/lab1-turtle.egg-link (link to .)
running egg_info
writing ../../build/lab1_turtle/lab1_turtle.egg-info/PKG-INFO
writing dependency_links to ../../build/lab1_turtle/lab1_turtle.egg-info/dependency_links.txt
writing entry points to ../../build/lab1_turtle/lab1_turtle.egg-info/entry_points.txt
writing requirements to ../../build/lab1_turtle/lab1_turtle.egg-info/requires.txt
writing top-level names to ../../build/lab1_turtle/lab1_turtle.egg-info/top_level.txt
reading manifest file '../../build/lab1_turtle/lab1_turtle.egg-info/SOURCES.txt'
writing manifest file '../../build/lab1_turtle/lab1_turtle.egg-info/SOURCES.txt'
running build
running build_py
creating /root/mobile_robotics_ws/build/lab1_turtle/build
creating /root/mobile_robotics_ws/build/lab1_turtle/build/lib
creating /root/mobile_robotics_ws/build/lab1_turtle/build/lib/lab1_turtle
copying lab1_turtle/__init__.py -> /root/mobile_robotics_ws/build/lab1_turtle/build/lib/lab1_turtle
running install
running install_lib
creating /root/mobile_robotics_ws/install/lab1_turtle/lib/python3.10/site-packages/lab1_turtle
copying /root/mobile_robotics_ws/build/lab1_turtle/build/lib/lab1_turtle/__init__.py -> /root/mobile_robotics_ws/install/lab1_turtle/lib/python3.10/site-packages/lab1_turtle
byte-compiling /root/mobile_robotics_ws/install/lab1_turtle/lib/python3.10/site-packages/lab1_turtle/__init__.py to __init__.cpython-310.pyc
running install_data
copying resource/lab1_turtle -> /root/mobile_robotics_ws/install/lab1_turtle/share/ament_index/resource_index/packages
copying package.xml -> /root/mobile_robotics_ws/install/lab1_turtle/share/lab1_turtle
running install_egg_info
Copying ../../build/lab1_turtle/lab1_turtle.egg-info to /root/mobile_robotics_ws/install/lab1_turtle/lib/python3.10/site-packages/lab1_turtle-0.0.0-py3.10.egg-info
running install_scripts
Installing circle_driver script to /root/mobile_robotics_ws/install/lab1_turtle/lib/lab1_turtle
writing list of installed files to '/root/mobile_robotics_ws/build/lab1_turtle/install.log'
