[0.209s] DEBUG:colcon:Command line arguments: ['/usr/bin/colcon', 'build']
[0.209s] DEBUG:colcon:Parsed command line arguments: Namespace(log_base=None, log_level=None, verb_name='build', build_base='build', install_base='install', merge_install=False, symlink_install=False, test_result_base=None, continue_on_error=False, executor='parallel', parallel_workers=8, event_handlers=None, ignore_user_meta=False, metas=['./colcon.meta'], base_paths=['.'], packages_ignore=None, packages_ignore_regex=None, paths=None, packages_up_to=None, packages_up_to_regex=None, packages_above=None, packages_above_and_dependencies=None, packages_above_depth=None, packages_select_by_dep=None, packages_skip_by_dep=None, packages_skip_up_to=None, packages_select_build_failed=False, packages_skip_build_finished=False, packages_select_test_failures=False, packages_skip_test_passed=False, packages_select=None, packages_skip=None, packages_select_regex=None, packages_skip_regex=None, packages_start=None, packages_end=None, cmake_args=None, cmake_target=None, cmake_target_skip_unavailable=False, cmake_clean_cache=False, cmake_clean_first=False, cmake_force_configure=False, ament_cmake_args=None, catkin_cmake_args=None, catkin_skip_building_tests=False, mixin_files=None, mixin=None, verb_parser=<colcon_mixin.mixin.mixin_argument.MixinArgumentDecorator object at 0x7423dd5c3d90>, verb_extension=<colcon_core.verb.build.BuildVerb object at 0x7423dd5c38e0>, main=<bound method BuildVerb.main of <colcon_core.verb.build.BuildVerb object at 0x7423dd5c38e0>>, mixin_verb=('build',))
[0.465s] Level 1:colcon.colcon_core.package_discovery:discover_packages(colcon_meta) check parameters
[0.467s] INFO:colcon.colcon_metadata.package_discovery.colcon_meta:Using configuration from '/root/.colcon/metadata/default/Gazebo.meta'
[0.468s] INFO:colcon.colcon_metadata.package_discovery.colcon_meta:Using configuration from '/root/.colcon/metadata/default/fastdds.meta'
[0.469s] INFO:colcon.colcon_metadata.package_discovery.colcon_meta:Using configuration from '/root/.colcon/metadata/default/fastrtps.meta'
[0.469s] Level 1:colcon.colcon_core.package_discovery:discover_packages(recursive) check parameters
[0.469s] Level 1:colcon.colcon_core.package_discovery:discover_packages(ignore) check parameters
[0.469s] Level 1:colcon.colcon_core.package_discovery:discover_packages(path) check parameters
[0.469s] Level 1:colcon.colcon_core.package_discovery:discover_packages(colcon_meta) discover
[0.469s] Level 1:colcon.colcon_core.package_discovery:discover_packages(recursive) discover
[0.469s] INFO:colcon.colcon_core.package_discovery:Crawling recursively for packages in '/root/mobile_robotics_ws'
[0.469s] Level 1:colcon.colcon_core.package_identification:_identify(.) by extensions ['ignore', 'ignore_ament_install']
[0.469s] Level 1:colcon.colcon_core.package_identification:_identify(.) by extension 'ignore'
[0.469s] Level 1:colcon.colcon_core.package_identification:_identify(.) by extension 'ignore_ament_install'
[0.469s] Level 1:colcon.colcon_core.package_identification:_identify(.) by extensions ['colcon_pkg']
[0.470s] Level 1:colcon.colcon_core.package_identification:_identify(.) by extension 'colcon_pkg'
[0.470s] Level 1:colcon.colcon_core.package_identification:_identify(.) by extensions ['colcon_meta']
[0.470s] Level 1:colcon.colcon_core.package_identification:_identify(.) by extension 'colcon_meta'
[0.470s] Level 1:colcon.colcon_core.package_identification:_identify(.) by extensions ['ros']
[0.470s] Level 1:colcon.colcon_core.package_identification:_identify(.) by extension 'ros'
[0.492s] Level 1:colcon.colcon_core.package_identification:_identify(.) by extensions ['cmake', 'python']
[0.492s] Level 1:colcon.colcon_core.package_identification:_identify(.) by extension 'cmake'
[0.492s] Level 1:colcon.colcon_core.package_identification:_identify(.) by extension 'python'
[0.492s] Level 1:colcon.colcon_core.package_identification:_identify(.) by extensions ['python_setup_py']
[0.492s] Level 1:colcon.colcon_core.package_identification:_identify(.) by extension 'python_setup_py'
[0.492s] Level 1:colcon.colcon_core.package_identification:_identify(build) by extensions ['ignore', 'ignore_ament_install']
[0.493s] Level 1:colcon.colcon_core.package_identification:_identify(build) by extension 'ignore'
[0.493s] Level 1:colcon.colcon_core.package_identification:_identify(build) ignored
[0.493s] Level 1:colcon.colcon_core.package_identification:_identify(install) by extensions ['ignore', 'ignore_ament_install']
[0.493s] Level 1:colcon.colcon_core.package_identification:_identify(install) by extension 'ignore'
[0.493s] Level 1:colcon.colcon_core.package_identification:_identify(install) ignored
[0.493s] Level 1:colcon.colcon_core.package_identification:_identify(log) by extensions ['ignore', 'ignore_ament_install']
[0.493s] Level 1:colcon.colcon_core.package_identification:_identify(log) by extension 'ignore'
[0.493s] Level 1:colcon.colcon_core.package_identification:_identify(log) ignored
[0.493s] Level 1:colcon.colcon_core.package_identification:_identify(src) by extensions ['ignore', 'ignore_ament_install']
[0.494s] Level 1:colcon.colcon_core.package_identification:_identify(src) by extension 'ignore'
[0.494s] Level 1:colcon.colcon_core.package_identification:_identify(src) by extension 'ignore_ament_install'
[0.494s] Level 1:colcon.colcon_core.package_identification:_identify(src) by extensions ['colcon_pkg']
[0.494s] Level 1:colcon.colcon_core.package_identification:_identify(src) by extension 'colcon_pkg'
[0.494s] Level 1:colcon.colcon_core.package_identification:_identify(src) by extensions ['colcon_meta']
[0.494s] Level 1:colcon.colcon_core.package_identification:_identify(src) by extension 'colcon_meta'
[0.494s] Level 1:colcon.colcon_core.package_identification:_identify(src) by extensions ['ros']
[0.494s] Level 1:colcon.colcon_core.package_identification:_identify(src) by extension 'ros'
[0.494s] Level 1:colcon.colcon_core.package_identification:_identify(src) by extensions ['cmake', 'python']
[0.494s] Level 1:colcon.colcon_core.package_identification:_identify(src) by extension 'cmake'
[0.494s] Level 1:colcon.colcon_core.package_identification:_identify(src) by extension 'python'
[0.494s] Level 1:colcon.colcon_core.package_identification:_identify(src) by extensions ['python_setup_py']
[0.494s] Level 1:colcon.colcon_core.package_identification:_identify(src) by extension 'python_setup_py'
[0.495s] Level 1:colcon.colcon_core.package_identification:_identify(src/lab1_turtle) by extensions ['ignore', 'ignore_ament_install']
[0.495s] Level 1:colcon.colcon_core.package_identification:_identify(src/lab1_turtle) by extension 'ignore'
[0.495s] Level 1:colcon.colcon_core.package_identification:_identify(src/lab1_turtle) by extension 'ignore_ament_install'
[0.495s] Level 1:colcon.colcon_core.package_identification:_identify(src/lab1_turtle) by extensions ['colcon_pkg']
[0.495s] Level 1:colcon.colcon_core.package_identification:_identify(src/lab1_turtle) by extension 'colcon_pkg'
[0.495s] Level 1:colcon.colcon_core.package_identification:_identify(src/lab1_turtle) by extensions ['colcon_meta']
[0.495s] Level 1:colcon.colcon_core.package_identification:_identify(src/lab1_turtle) by extension 'colcon_meta'
[0.495s] Level 1:colcon.colcon_core.package_identification:_identify(src/lab1_turtle) by extensions ['ros']
[0.495s] Level 1:colcon.colcon_core.package_identification:_identify(src/lab1_turtle) by extension 'ros'
[0.500s] DEBUG:colcon.colcon_core.package_identification:Package 'src/lab1_turtle' with type 'ros.ament_python' and name 'lab1_turtle'
[0.500s] Level 1:colcon.colcon_core.package_discovery:discover_packages(recursive) using defaults
[0.500s] Level 1:colcon.colcon_core.package_discovery:discover_packages(ignore) discover
[0.500s] Level 1:colcon.colcon_core.package_discovery:discover_packages(ignore) using defaults
[0.500s] Level 1:colcon.colcon_core.package_discovery:discover_packages(path) discover
[0.500s] Level 1:colcon.colcon_core.package_discovery:discover_packages(path) using defaults
[0.534s] Level 5:colcon.colcon_core.verb:set package 'lab1_turtle' build argument 'cmake_args' from command line to 'None'
[0.534s] Level 5:colcon.colcon_core.verb:set package 'lab1_turtle' build argument 'cmake_target' from command line to 'None'
[0.534s] Level 5:colcon.colcon_core.verb:set package 'lab1_turtle' build argument 'cmake_target_skip_unavailable' from command line to 'False'
[0.534s] Level 5:colcon.colcon_core.verb:set package 'lab1_turtle' build argument 'cmake_clean_cache' from command line to 'False'
[0.534s] Level 5:colcon.colcon_core.verb:set package 'lab1_turtle' build argument 'cmake_clean_first' from command line to 'False'
[0.534s] Level 5:colcon.colcon_core.verb:set package 'lab1_turtle' build argument 'cmake_force_configure' from command line to 'False'
[0.534s] Level 5:colcon.colcon_core.verb:set package 'lab1_turtle' build argument 'ament_cmake_args' from command line to 'None'
[0.534s] Level 5:colcon.colcon_core.verb:set package 'lab1_turtle' build argument 'catkin_cmake_args' from command line to 'None'
[0.534s] Level 5:colcon.colcon_core.verb:set package 'lab1_turtle' build argument 'catkin_skip_building_tests' from command line to 'False'
[0.534s] DEBUG:colcon.colcon_core.verb:Building package 'lab1_turtle' with the following arguments: {'ament_cmake_args': None, 'build_base': '/root/mobile_robotics_ws/build/lab1_turtle', 'catkin_cmake_args': None, 'catkin_skip_building_tests': False, 'cmake_args': None, 'cmake_clean_cache': False, 'cmake_clean_first': False, 'cmake_force_configure': False, 'cmake_target': None, 'cmake_target_skip_unavailable': False, 'install_base': '/root/mobile_robotics_ws/install/lab1_turtle', 'merge_install': False, 'path': '/root/mobile_robotics_ws/src/lab1_turtle', 'symlink_install': False, 'test_result_base': None}
[0.535s] INFO:colcon.colcon_core.executor:Executing jobs using 'parallel' executor
[0.537s] DEBUG:colcon.colcon_parallel_executor.executor.parallel:run_until_complete
[0.537s] INFO:colcon.colcon_ros.task.ament_python.build:Building ROS package in '/root/mobile_robotics_ws/src/lab1_turtle' with build type 'ament_python'
[0.537s] Level 1:colcon.colcon_core.shell:create_environment_hook('lab1_turtle', 'ament_prefix_path')
[0.541s] INFO:colcon.colcon_core.plugin_system:Skipping extension 'colcon_core.shell.bat': Not used on non-Windows systems
[0.541s] INFO:colcon.colcon_core.shell:Creating environment hook '/root/mobile_robotics_ws/install/lab1_turtle/share/lab1_turtle/hook/ament_prefix_path.ps1'
[0.542s] INFO:colcon.colcon_core.shell:Creating environment descriptor '/root/mobile_robotics_ws/install/lab1_turtle/share/lab1_turtle/hook/ament_prefix_path.dsv'
[0.544s] INFO:colcon.colcon_core.shell:Creating environment hook '/root/mobile_robotics_ws/install/lab1_turtle/share/lab1_turtle/hook/ament_prefix_path.sh'
[0.545s] INFO:colcon.colcon_core.shell:Skip shell extension 'powershell' for command environment: Not usable outside of PowerShell
[0.545s] DEBUG:colcon.colcon_core.shell:Skip shell extension 'dsv' for command environment
[1.023s] INFO:colcon.colcon_core.task.python.build:Building Python package in '/root/mobile_robotics_ws/src/lab1_turtle'
[1.023s] INFO:colcon.colcon_core.shell:Skip shell extension 'powershell' for command environment: Not usable outside of PowerShell
[1.023s] DEBUG:colcon.colcon_core.shell:Skip shell extension 'dsv' for command environment
[1.691s] DEBUG:colcon.colcon_core.task.python.build:Available setuptools commands: upload_docs, alias, build_ext, develop, saveopts, install_scripts, easy_install, build_clib, register, bdist_rpm, dist_info, install_headers, install, egg_info, clean, test, bdist_egg, check, bdist_dumb, upload, bdist, install_lib, install_data, setopt, rotate, sdist, build_scripts, symlink_data, install_egg_info, build_py, build
[1.694s] DEBUG:colcon.colcon_core.event_handler.log_command:Invoking command in '/root/mobile_robotics_ws/build/lab1_turtle': PYTHONPATH=/root/mobile_robotics_ws/build/lab1_turtle/prefix_override:/usr/lib/python3/dist-packages/colcon_core/task/python/colcon_distutils_commands:/root/mobile_robotics_ws/install/lab1_turtle/lib/python3.10/site-packages:${PYTHONPATH} /usr/bin/python3 -W ignore:setup.py install is deprecated -W ignore:easy_install command is deprecated setup.py develop --uninstall --editable --build-directory /root/mobile_robotics_ws/build/lab1_turtle/build
[2.442s] DEBUG:colcon.colcon_core.event_handler.log_command:Invoked command in '/root/mobile_robotics_ws/build/lab1_turtle' returned '0': PYTHONPATH=/root/mobile_robotics_ws/build/lab1_turtle/prefix_override:/usr/lib/python3/dist-packages/colcon_core/task/python/colcon_distutils_commands:/root/mobile_robotics_ws/install/lab1_turtle/lib/python3.10/site-packages:${PYTHONPATH} /usr/bin/python3 -W ignore:setup.py install is deprecated -W ignore:easy_install command is deprecated setup.py develop --uninstall --editable --build-directory /root/mobile_robotics_ws/build/lab1_turtle/build
[2.445s] DEBUG:colcon.colcon_core.event_handler.log_command:Invoking command in '/root/mobile_robotics_ws/src/lab1_turtle': PYTHONPATH=/root/mobile_robotics_ws/build/lab1_turtle/prefix_override:/usr/lib/python3/dist-packages/colcon_core/task/python/colcon_distutils_commands:/root/mobile_robotics_ws/install/lab1_turtle/lib/python3.10/site-packages:${PYTHONPATH} /usr/bin/python3 -W ignore:setup.py install is deprecated -W ignore:easy_install command is deprecated setup.py egg_info --egg-base ../../build/lab1_turtle build --build-base /root/mobile_robotics_ws/build/lab1_turtle/build install --record /root/mobile_robotics_ws/build/lab1_turtle/install.log --install-scripts $base/lib/lab1_turtle --single-version-externally-managed install_data --force
[3.079s] DEBUG:colcon.colcon_core.event_handler.log_command:Invoked command in '/root/mobile_robotics_ws/src/lab1_turtle' returned '0': PYTHONPATH=/root/mobile_robotics_ws/build/lab1_turtle/prefix_override:/usr/lib/python3/dist-packages/colcon_core/task/python/colcon_distutils_commands:/root/mobile_robotics_ws/install/lab1_turtle/lib/python3.10/site-packages:${PYTHONPATH} /usr/bin/python3 -W ignore:setup.py install is deprecated -W ignore:easy_install command is deprecated setup.py egg_info --egg-base ../../build/lab1_turtle build --build-base /root/mobile_robotics_ws/build/lab1_turtle/build install --record /root/mobile_robotics_ws/build/lab1_turtle/install.log --install-scripts $base/lib/lab1_turtle --single-version-externally-managed install_data --force
[3.085s] Level 1:colcon.colcon_core.environment:checking '/root/mobile_robotics_ws/install/lab1_turtle' for CMake module files
[3.087s] Level 1:colcon.colcon_core.environment:checking '/root/mobile_robotics_ws/install/lab1_turtle' for CMake config files
[3.089s] Level 1:colcon.colcon_core.environment:checking '/root/mobile_robotics_ws/install/lab1_turtle/lib'
[3.090s] Level 1:colcon.colcon_core.environment:checking '/root/mobile_robotics_ws/install/lab1_turtle/bin'
[3.090s] Level 1:colcon.colcon_core.environment:checking '/root/mobile_robotics_ws/install/lab1_turtle/lib/pkgconfig/lab1_turtle.pc'
[3.091s] Level 1:colcon.colcon_core.environment:checking '/root/mobile_robotics_ws/install/lab1_turtle/lib/python3.10/site-packages'
[3.091s] Level 1:colcon.colcon_core.shell:create_environment_hook('lab1_turtle', 'pythonpath')
[3.092s] INFO:colcon.colcon_core.shell:Creating environment hook '/root/mobile_robotics_ws/install/lab1_turtle/share/lab1_turtle/hook/pythonpath.ps1'
[3.093s] INFO:colcon.colcon_core.shell:Creating environment descriptor '/root/mobile_robotics_ws/install/lab1_turtle/share/lab1_turtle/hook/pythonpath.dsv'
[3.095s] INFO:colcon.colcon_core.shell:Creating environment hook '/root/mobile_robotics_ws/install/lab1_turtle/share/lab1_turtle/hook/pythonpath.sh'
[3.098s] Level 1:colcon.colcon_core.environment:checking '/root/mobile_robotics_ws/install/lab1_turtle/bin'
[3.099s] Level 1:colcon.colcon_core.environment:create_environment_scripts_only(lab1_turtle)
[3.100s] INFO:colcon.colcon_core.shell:Creating package script '/root/mobile_robotics_ws/install/lab1_turtle/share/lab1_turtle/package.ps1'
[3.104s] INFO:colcon.colcon_core.shell:Creating package descriptor '/root/mobile_robotics_ws/install/lab1_turtle/share/lab1_turtle/package.dsv'
[3.106s] INFO:colcon.colcon_core.shell:Creating package script '/root/mobile_robotics_ws/install/lab1_turtle/share/lab1_turtle/package.sh'
[3.108s] INFO:colcon.colcon_core.shell:Creating package script '/root/mobile_robotics_ws/install/lab1_turtle/share/lab1_turtle/package.bash'
[3.110s] INFO:colcon.colcon_core.shell:Creating package script '/root/mobile_robotics_ws/install/lab1_turtle/share/lab1_turtle/package.zsh'
[3.111s] Level 1:colcon.colcon_core.environment:create_file_with_runtime_dependencies(/root/mobile_robotics_ws/install/lab1_turtle/share/colcon-core/packages/lab1_turtle)
[3.113s] DEBUG:colcon.colcon_parallel_executor.executor.parallel:closing loop
[3.114s] DEBUG:colcon.colcon_parallel_executor.executor.parallel:loop closed
[3.115s] DEBUG:colcon.colcon_parallel_executor.executor.parallel:run_until_complete finished with '0'
[3.115s] DEBUG:colcon.colcon_core.event_reactor:joining thread
[3.136s] INFO:colcon.colcon_core.plugin_system:Skipping extension 'colcon_notification.desktop_notification.notify_send': Could not find 'notify-send'
[3.137s] INFO:colcon.colcon_core.plugin_system:Skipping extension 'colcon_notification.desktop_notification.terminal_notifier': Not used on non-Darwin systems
[3.137s] INFO:colcon.colcon_core.plugin_system:Skipping extension 'colcon_notification.desktop_notification.win32': Not used on non-Windows systems
[3.137s] INFO:colcon.colcon_notification.desktop_notification:Sending desktop notification using 'notify2'
[3.147s] DEBUG:colcon.colcon_notification.desktop_notification.notify2:Failed to initialize notify2: org.freedesktop.DBus.Error.Spawn.ExecFailed: /usr/bin/dbus-launch terminated abnormally without any error message
[3.148s] DEBUG:colcon.colcon_core.event_reactor:joined thread
[3.149s] INFO:colcon.colcon_core.shell:Creating prefix script '/root/mobile_robotics_ws/install/local_setup.ps1'
[3.153s] INFO:colcon.colcon_core.shell:Creating prefix util module '/root/mobile_robotics_ws/install/_local_setup_util_ps1.py'
[3.156s] INFO:colcon.colcon_core.shell:Creating prefix chain script '/root/mobile_robotics_ws/install/setup.ps1'
[3.161s] INFO:colcon.colcon_core.shell:Creating prefix script '/root/mobile_robotics_ws/install/local_setup.sh'
[3.164s] INFO:colcon.colcon_core.shell:Creating prefix util module '/root/mobile_robotics_ws/install/_local_setup_util_sh.py'
[3.166s] INFO:colcon.colcon_core.shell:Creating prefix chain script '/root/mobile_robotics_ws/install/setup.sh'
[3.169s] INFO:colcon.colcon_core.shell:Creating prefix script '/root/mobile_robotics_ws/install/local_setup.bash'
[3.171s] INFO:colcon.colcon_core.shell:Creating prefix chain script '/root/mobile_robotics_ws/install/setup.bash'
[3.173s] INFO:colcon.colcon_core.shell:Creating prefix script '/root/mobile_robotics_ws/install/local_setup.zsh'
[3.175s] INFO:colcon.colcon_core.shell:Creating prefix chain script '/root/mobile_robotics_ws/install/setup.zsh'
