[0.195s] DEBUG:colcon:Command line arguments: ['/usr/bin/colcon', 'build', '--symlink-install', '--packages-select', 'lab1_turtle']
[0.195s] DEBUG:colcon:Parsed command line arguments: Namespace(log_base=None, log_level=None, verb_name='build', build_base='build', install_base='install', merge_install=False, symlink_install=True, test_result_base=None, continue_on_error=False, executor='parallel', parallel_workers=8, event_handlers=None, ignore_user_meta=False, metas=['./colcon.meta'], base_paths=['.'], packages_ignore=None, packages_ignore_regex=None, paths=None, packages_up_to=None, packages_up_to_regex=None, packages_above=None, packages_above_and_dependencies=None, packages_above_depth=None, packages_select_by_dep=None, packages_skip_by_dep=None, packages_skip_up_to=None, packages_select_build_failed=False, packages_skip_build_finished=False, packages_select_test_failures=False, packages_skip_test_passed=False, packages_select=['lab1_turtle'], packages_skip=None, packages_select_regex=None, packages_skip_regex=None, packages_start=None, packages_end=None, cmake_args=None, cmake_target=None, cmake_target_skip_unavailable=False, cmake_clean_cache=False, cmake_clean_first=False, cmake_force_configure=False, ament_cmake_args=None, catkin_cmake_args=None, catkin_skip_building_tests=False, mixin_files=None, mixin=None, verb_parser=<colcon_mixin.mixin.mixin_argument.MixinArgumentDecorator object at 0x73b2a352b8e0>, verb_extension=<colcon_core.verb.build.BuildVerb object at 0x73b2a352b430>, main=<bound method BuildVerb.main of <colcon_core.verb.build.BuildVerb object at 0x73b2a352b430>>, mixin_verb=('build',))
[0.426s] Level 1:colcon.colcon_core.package_discovery:discover_packages(colcon_meta) check parameters
[0.428s] INFO:colcon.colcon_metadata.package_discovery.colcon_meta:Using configuration from '/root/.colcon/metadata/default/Gazebo.meta'
[0.428s] INFO:colcon.colcon_metadata.package_discovery.colcon_meta:Using configuration from '/root/.colcon/metadata/default/fastdds.meta'
[0.429s] INFO:colcon.colcon_metadata.package_discovery.colcon_meta:Using configuration from '/root/.colcon/metadata/default/fastrtps.meta'
[0.429s] Level 1:colcon.colcon_core.package_discovery:discover_packages(recursive) check parameters
[0.429s] Level 1:colcon.colcon_core.package_discovery:discover_packages(ignore) check parameters
[0.429s] Level 1:colcon.colcon_core.package_discovery:discover_packages(path) check parameters
[0.429s] Level 1:colcon.colcon_core.package_discovery:discover_packages(colcon_meta) discover
[0.429s] Level 1:colcon.colcon_core.package_discovery:discover_packages(recursive) discover
[0.429s] INFO:colcon.colcon_core.package_discovery:Crawling recursively for packages in '/root/mobile_robotics_ws'
[0.430s] Level 1:colcon.colcon_core.package_identification:_identify(.) by extensions ['ignore', 'ignore_ament_install']
[0.430s] Level 1:colcon.colcon_core.package_identification:_identify(.) by extension 'ignore'
[0.430s] Level 1:colcon.colcon_core.package_identification:_identify(.) by extension 'ignore_ament_install'
[0.430s] Level 1:colcon.colcon_core.package_identification:_identify(.) by extensions ['colcon_pkg']
[0.430s] Level 1:colcon.colcon_core.package_identification:_identify(.) by extension 'colcon_pkg'
[0.430s] Level 1:colcon.colcon_core.package_identification:_identify(.) by extensions ['colcon_meta']
[0.430s] Level 1:colcon.colcon_core.package_identification:_identify(.) by extension 'colcon_meta'
[0.430s] Level 1:colcon.colcon_core.package_identification:_identify(.) by extensions ['ros']
[0.430s] Level 1:colcon.colcon_core.package_identification:_identify(.) by extension 'ros'
[0.449s] Level 1:colcon.colcon_core.package_identification:_identify(.) by extensions ['cmake', 'python']
[0.449s] Level 1:colcon.colcon_core.package_identification:_identify(.) by extension 'cmake'
[0.450s] Level 1:colcon.colcon_core.package_identification:_identify(.) by extension 'python'
[0.450s] Level 1:colcon.colcon_core.package_identification:_identify(.) by extensions ['python_setup_py']
[0.450s] Level 1:colcon.colcon_core.package_identification:_identify(.) by extension 'python_setup_py'
[0.450s] Level 1:colcon.colcon_core.package_identification:_identify(build) by extensions ['ignore', 'ignore_ament_install']
[0.450s] Level 1:colcon.colcon_core.package_identification:_identify(build) by extension 'ignore'
[0.450s] Level 1:colcon.colcon_core.package_identification:_identify(build) ignored
[0.450s] Level 1:colcon.colcon_core.package_identification:_identify(install) by extensions ['ignore', 'ignore_ament_install']
[0.450s] Level 1:colcon.colcon_core.package_identification:_identify(install) by extension 'ignore'
[0.450s] Level 1:colcon.colcon_core.package_identification:_identify(install) ignored
[0.451s] Level 1:colcon.colcon_core.package_identification:_identify(log) by extensions ['ignore', 'ignore_ament_install']
[0.451s] Level 1:colcon.colcon_core.package_identification:_identify(log) by extension 'ignore'
[0.451s] Level 1:colcon.colcon_core.package_identification:_identify(log) ignored
[0.451s] Level 1:colcon.colcon_core.package_identification:_identify(src) by extensions ['ignore', 'ignore_ament_install']
[0.451s] Level 1:colcon.colcon_core.package_identification:_identify(src) by extension 'ignore'
[0.451s] Level 1:colcon.colcon_core.package_identification:_identify(src) by extension 'ignore_ament_install'
[0.451s] Level 1:colcon.colcon_core.package_identification:_identify(src) by extensions ['colcon_pkg']
[0.451s] Level 1:colcon.colcon_core.package_identification:_identify(src) by extension 'colcon_pkg'
[0.451s] Level 1:colcon.colcon_core.package_identification:_identify(src) by extensions ['colcon_meta']
[0.451s] Level 1:colcon.colcon_core.package_identification:_identify(src) by extension 'colcon_meta'
[0.451s] Level 1:colcon.colcon_core.package_identification:_identify(src) by extensions ['ros']
[0.451s] Level 1:colcon.colcon_core.package_identification:_identify(src) by extension 'ros'
[0.451s] Level 1:colcon.colcon_core.package_identification:_identify(src) by extensions ['cmake', 'python']
[0.451s] Level 1:colcon.colcon_core.package_identification:_identify(src) by extension 'cmake'
[0.452s] Level 1:colcon.colcon_core.package_identification:_identify(src) by extension 'python'
[0.452s] Level 1:colcon.colcon_core.package_identification:_identify(src) by extensions ['python_setup_py']
[0.452s] Level 1:colcon.colcon_core.package_identification:_identify(src) by extension 'python_setup_py'
[0.452s] Level 1:colcon.colcon_core.package_identification:_identify(src/lab1_turtle) by extensions ['ignore', 'ignore_ament_install']
[0.452s] Level 1:colcon.colcon_core.package_identification:_identify(src/lab1_turtle) by extension 'ignore'
[0.452s] Level 1:colcon.colcon_core.package_identification:_identify(src/lab1_turtle) by extension 'ignore_ament_install'
[0.452s] Level 1:colcon.colcon_core.package_identification:_identify(src/lab1_turtle) by extensions ['colcon_pkg']
[0.452s] Level 1:colcon.colcon_core.package_identification:_identify(src/lab1_turtle) by extension 'colcon_pkg'
[0.452s] Level 1:colcon.colcon_core.package_identification:_identify(src/lab1_turtle) by extensions ['colcon_meta']
[0.452s] Level 1:colcon.colcon_core.package_identification:_identify(src/lab1_turtle) by extension 'colcon_meta'
[0.452s] Level 1:colcon.colcon_core.package_identification:_identify(src/lab1_turtle) by extensions ['ros']
[0.452s] Level 1:colcon.colcon_core.package_identification:_identify(src/lab1_turtle) by extension 'ros'
[0.457s] DEBUG:colcon.colcon_core.package_identification:Package 'src/lab1_turtle' with type 'ros.ament_python' and name 'lab1_turtle'
[0.457s] Level 1:colcon.colcon_core.package_discovery:discover_packages(recursive) using defaults
[0.457s] Level 1:colcon.colcon_core.package_discovery:discover_packages(ignore) discover
[0.457s] Level 1:colcon.colcon_core.package_discovery:discover_packages(ignore) using defaults
[0.457s] Level 1:colcon.colcon_core.package_discovery:discover_packages(path) discover
[0.457s] Level 1:colcon.colcon_core.package_discovery:discover_packages(path) using defaults
[0.489s] Level 5:colcon.colcon_core.verb:set package 'lab1_turtle' build argument 'cmake_args' from command line to 'None'
[0.489s] Level 5:colcon.colcon_core.verb:set package 'lab1_turtle' build argument 'cmake_target' from command line to 'None'
[0.489s] Level 5:colcon.colcon_core.verb:set package 'lab1_turtle' build argument 'cmake_target_skip_unavailable' from command line to 'False'
[0.489s] Level 5:colcon.colcon_core.verb:set package 'lab1_turtle' build argument 'cmake_clean_cache' from command line to 'False'
[0.489s] Level 5:colcon.colcon_core.verb:set package 'lab1_turtle' build argument 'cmake_clean_first' from command line to 'False'
[0.489s] Level 5:colcon.colcon_core.verb:set package 'lab1_turtle' build argument 'cmake_force_configure' from command line to 'False'
[0.489s] Level 5:colcon.colcon_core.verb:set package 'lab1_turtle' build argument 'ament_cmake_args' from command line to 'None'
[0.489s] Level 5:colcon.colcon_core.verb:set package 'lab1_turtle' build argument 'catkin_cmake_args' from command line to 'None'
[0.489s] Level 5:colcon.colcon_core.verb:set package 'lab1_turtle' build argument 'catkin_skip_building_tests' from command line to 'False'
[0.489s] DEBUG:colcon.colcon_core.verb:Building package 'lab1_turtle' with the following arguments: {'ament_cmake_args': None, 'build_base': '/root/mobile_robotics_ws/build/lab1_turtle', 'catkin_cmake_args': None, 'catkin_skip_building_tests': False, 'cmake_args': None, 'cmake_clean_cache': False, 'cmake_clean_first': False, 'cmake_force_configure': False, 'cmake_target': None, 'cmake_target_skip_unavailable': False, 'install_base': '/root/mobile_robotics_ws/install/lab1_turtle', 'merge_install': False, 'path': '/root/mobile_robotics_ws/src/lab1_turtle', 'symlink_install': True, 'test_result_base': None}
[0.490s] INFO:colcon.colcon_core.executor:Executing jobs using 'parallel' executor
[0.493s] DEBUG:colcon.colcon_parallel_executor.executor.parallel:run_until_complete
[0.493s] INFO:colcon.colcon_ros.task.ament_python.build:Building ROS package in '/root/mobile_robotics_ws/src/lab1_turtle' with build type 'ament_python'
[0.494s] Level 1:colcon.colcon_core.shell:create_environment_hook('lab1_turtle', 'ament_prefix_path')
[0.497s] INFO:colcon.colcon_core.plugin_system:Skipping extension 'colcon_core.shell.bat': Not used on non-Windows systems
[0.497s] INFO:colcon.colcon_core.shell:Creating environment hook '/root/mobile_robotics_ws/install/lab1_turtle/share/lab1_turtle/hook/ament_prefix_path.ps1'
[0.498s] INFO:colcon.colcon_core.shell:Creating environment descriptor '/root/mobile_robotics_ws/install/lab1_turtle/share/lab1_turtle/hook/ament_prefix_path.dsv'
[0.499s] INFO:colcon.colcon_core.shell:Creating environment hook '/root/mobile_robotics_ws/install/lab1_turtle/share/lab1_turtle/hook/ament_prefix_path.sh'
[0.500s] INFO:colcon.colcon_core.shell:Skip shell extension 'powershell' for command environment: Not usable outside of PowerShell
[0.500s] DEBUG:colcon.colcon_core.shell:Skip shell extension 'dsv' for command environment
[0.920s] INFO:colcon.colcon_core.task.python.build:Building Python package in '/root/mobile_robotics_ws/src/lab1_turtle'
[0.920s] INFO:colcon.colcon_core.shell:Skip shell extension 'powershell' for command environment: Not usable outside of PowerShell
[0.920s] DEBUG:colcon.colcon_core.shell:Skip shell extension 'dsv' for command environment
[1.466s] DEBUG:colcon.colcon_core.task.python.build:Available setuptools commands: egg_info, clean, install_data, symlink_data, build, alias, dist_info, build_ext, easy_install, upload_docs, install_egg_info, sdist, install_lib, install_headers, build_clib, develop, setopt, install_scripts, bdist, build_py, install, check, test, rotate, bdist_egg, saveopts, register, bdist_dumb, build_scripts, bdist_rpm, upload
[1.912s] DEBUG:colcon.colcon_core.task.python.build:Available setuptools 'develop' options: --help, --build-directory, --install-layout, --record, --no-deps, --version, --egg-path, --zip-ok, --editable, --user, --quiet, --dry-run, --prefix, --always-copy, --install-dir, --upgrade, --find-links, --index-url, --local-snapshots-ok, --script-dir, --optimize, --always-unzip, --uninstall, --force-installation-into-system-dir, --exclude-scripts, --no-find-links, --verbose, --multi-version, --no-user-cfg, --allow-hosts, --site-dirs
[1.914s] DEBUG:colcon.colcon_core.event_handler.log_command:Invoking command in '/root/mobile_robotics_ws/build/lab1_turtle': PYTHONPATH=/root/mobile_robotics_ws/build/lab1_turtle/prefix_override:/usr/lib/python3/dist-packages/colcon_core/task/python/colcon_distutils_commands:/root/mobile_robotics_ws/install/lab1_turtle/lib/python3.10/site-packages:${PYTHONPATH} /usr/bin/python3 -W ignore:setup.py install is deprecated -W ignore:easy_install command is deprecated setup.py develop --editable --build-directory /root/mobile_robotics_ws/build/lab1_turtle/build --no-deps symlink_data
[2.586s] Level 1:colcon.colcon_core.shell:create_environment_hook('lab1_turtle', 'pythonpath_develop')
[2.587s] INFO:colcon.colcon_core.shell:Creating environment hook '/root/mobile_robotics_ws/build/lab1_turtle/share/lab1_turtle/hook/pythonpath_develop.ps1'
[2.588s] DEBUG:colcon.colcon_core.event_handler.log_command:Invoked command in '/root/mobile_robotics_ws/build/lab1_turtle' returned '0': PYTHONPATH=/root/mobile_robotics_ws/build/lab1_turtle/prefix_override:/usr/lib/python3/dist-packages/colcon_core/task/python/colcon_distutils_commands:/root/mobile_robotics_ws/install/lab1_turtle/lib/python3.10/site-packages:${PYTHONPATH} /usr/bin/python3 -W ignore:setup.py install is deprecated -W ignore:easy_install command is deprecated setup.py develop --editable --build-directory /root/mobile_robotics_ws/build/lab1_turtle/build --no-deps symlink_data
[2.589s] INFO:colcon.colcon_core.shell:Creating environment descriptor '/root/mobile_robotics_ws/build/lab1_turtle/share/lab1_turtle/hook/pythonpath_develop.dsv'
[2.590s] INFO:colcon.colcon_core.shell:Creating environment hook '/root/mobile_robotics_ws/build/lab1_turtle/share/lab1_turtle/hook/pythonpath_develop.sh'
[2.594s] Level 1:colcon.colcon_core.environment:checking '/root/mobile_robotics_ws/install/lab1_turtle' for CMake module files
[2.595s] Level 1:colcon.colcon_core.environment:checking '/root/mobile_robotics_ws/install/lab1_turtle' for CMake config files
[2.596s] Level 1:colcon.colcon_core.environment:checking '/root/mobile_robotics_ws/install/lab1_turtle/lib'
[2.597s] Level 1:colcon.colcon_core.environment:checking '/root/mobile_robotics_ws/install/lab1_turtle/bin'
[2.597s] Level 1:colcon.colcon_core.environment:checking '/root/mobile_robotics_ws/install/lab1_turtle/lib/pkgconfig/lab1_turtle.pc'
[2.597s] Level 1:colcon.colcon_core.environment:checking '/root/mobile_robotics_ws/install/lab1_turtle/lib/python3.10/site-packages'
[2.597s] Level 1:colcon.colcon_core.shell:create_environment_hook('lab1_turtle', 'pythonpath')
[2.598s] INFO:colcon.colcon_core.shell:Creating environment hook '/root/mobile_robotics_ws/install/lab1_turtle/share/lab1_turtle/hook/pythonpath.ps1'
[2.599s] INFO:colcon.colcon_core.shell:Creating environment descriptor '/root/mobile_robotics_ws/install/lab1_turtle/share/lab1_turtle/hook/pythonpath.dsv'
[2.599s] INFO:colcon.colcon_core.shell:Creating environment hook '/root/mobile_robotics_ws/install/lab1_turtle/share/lab1_turtle/hook/pythonpath.sh'
[2.601s] Level 1:colcon.colcon_core.environment:checking '/root/mobile_robotics_ws/install/lab1_turtle/bin'
[2.601s] Level 1:colcon.colcon_core.environment:create_environment_scripts_only(lab1_turtle)
[2.601s] INFO:colcon.colcon_core.shell:Creating package script '/root/mobile_robotics_ws/install/lab1_turtle/share/lab1_turtle/package.ps1'
[2.603s] INFO:colcon.colcon_core.shell:Creating package descriptor '/root/mobile_robotics_ws/install/lab1_turtle/share/lab1_turtle/package.dsv'
[2.604s] INFO:colcon.colcon_core.shell:Creating package script '/root/mobile_robotics_ws/install/lab1_turtle/share/lab1_turtle/package.sh'
[2.605s] INFO:colcon.colcon_core.shell:Creating package script '/root/mobile_robotics_ws/install/lab1_turtle/share/lab1_turtle/package.bash'
[2.607s] INFO:colcon.colcon_core.shell:Creating package script '/root/mobile_robotics_ws/install/lab1_turtle/share/lab1_turtle/package.zsh'
[2.608s] Level 1:colcon.colcon_core.environment:create_file_with_runtime_dependencies(/root/mobile_robotics_ws/install/lab1_turtle/share/colcon-core/packages/lab1_turtle)
[2.609s] DEBUG:colcon.colcon_parallel_executor.executor.parallel:closing loop
[2.610s] DEBUG:colcon.colcon_parallel_executor.executor.parallel:loop closed
[2.610s] DEBUG:colcon.colcon_parallel_executor.executor.parallel:run_until_complete finished with '0'
[2.611s] DEBUG:colcon.colcon_core.event_reactor:joining thread
[2.621s] INFO:colcon.colcon_core.plugin_system:Skipping extension 'colcon_notification.desktop_notification.notify_send': Could not find 'notify-send'
[2.621s] INFO:colcon.colcon_core.plugin_system:Skipping extension 'colcon_notification.desktop_notification.terminal_notifier': Not used on non-Darwin systems
[2.621s] INFO:colcon.colcon_core.plugin_system:Skipping extension 'colcon_notification.desktop_notification.win32': Not used on non-Windows systems
[2.621s] INFO:colcon.colcon_notification.desktop_notification:Sending desktop notification using 'notify2'
[2.628s] DEBUG:colcon.colcon_notification.desktop_notification.notify2:Failed to initialize notify2: org.freedesktop.DBus.Error.Spawn.ExecFailed: /usr/bin/dbus-launch terminated abnormally without any error message
[2.628s] DEBUG:colcon.colcon_core.event_reactor:joined thread
[2.629s] INFO:colcon.colcon_core.shell:Creating prefix script '/root/mobile_robotics_ws/install/local_setup.ps1'
[2.633s] INFO:colcon.colcon_core.shell:Creating prefix util module '/root/mobile_robotics_ws/install/_local_setup_util_ps1.py'
[2.636s] INFO:colcon.colcon_core.shell:Creating prefix chain script '/root/mobile_robotics_ws/install/setup.ps1'
[2.638s] INFO:colcon.colcon_core.shell:Creating prefix script '/root/mobile_robotics_ws/install/local_setup.sh'
[2.639s] INFO:colcon.colcon_core.shell:Creating prefix util module '/root/mobile_robotics_ws/install/_local_setup_util_sh.py'
[2.641s] INFO:colcon.colcon_core.shell:Creating prefix chain script '/root/mobile_robotics_ws/install/setup.sh'
[2.644s] INFO:colcon.colcon_core.shell:Creating prefix script '/root/mobile_robotics_ws/install/local_setup.bash'
[2.644s] INFO:colcon.colcon_core.shell:Creating prefix chain script '/root/mobile_robotics_ws/install/setup.bash'
[2.646s] INFO:colcon.colcon_core.shell:Creating prefix script '/root/mobile_robotics_ws/install/local_setup.zsh'
[2.647s] INFO:colcon.colcon_core.shell:Creating prefix chain script '/root/mobile_robotics_ws/install/setup.zsh'
