[0.159s] DEBUG:colcon:Command line arguments: ['/usr/bin/colcon', 'build', '--symlink-install', '--packages-select', 'lab1_turtle']
[0.159s] DEBUG:colcon:Parsed command line arguments: Namespace(log_base=None, log_level=None, verb_name='build', build_base='build', install_base='install', merge_install=False, symlink_install=True, test_result_base=None, continue_on_error=False, executor='parallel', parallel_workers=8, event_handlers=None, ignore_user_meta=False, metas=['./colcon.meta'], base_paths=['.'], packages_ignore=None, packages_ignore_regex=None, paths=None, packages_up_to=None, packages_up_to_regex=None, packages_above=None, packages_above_and_dependencies=None, packages_above_depth=None, packages_select_by_dep=None, packages_skip_by_dep=None, packages_skip_up_to=None, packages_select_build_failed=False, packages_skip_build_finished=False, packages_select_test_failures=False, packages_skip_test_passed=False, packages_select=['lab1_turtle'], packages_skip=None, packages_select_regex=None, packages_skip_regex=None, packages_start=None, packages_end=None, cmake_args=None, cmake_target=None, cmake_target_skip_unavailable=False, cmake_clean_cache=False, cmake_clean_first=False, cmake_force_configure=False, ament_cmake_args=None, catkin_cmake_args=None, catkin_skip_building_tests=False, mixin_files=None, mixin=None, verb_parser=<colcon_mixin.mixin.mixin_argument.MixinArgumentDecorator object at 0x7689a6bafac0>, verb_extension=<colcon_core.verb.build.BuildVerb object at 0x7689a6baf610>, main=<bound method BuildVerb.main of <colcon_core.verb.build.BuildVerb object at 0x7689a6baf610>>, mixin_verb=('build',))
[0.316s] Level 1:colcon.colcon_core.package_discovery:discover_packages(colcon_meta) check parameters
[0.317s] INFO:colcon.colcon_metadata.package_discovery.colcon_meta:Using configuration from '/root/.colcon/metadata/default/Gazebo.meta'
[0.318s] INFO:colcon.colcon_metadata.package_discovery.colcon_meta:Using configuration from '/root/.colcon/metadata/default/fastdds.meta'
[0.318s] INFO:colcon.colcon_metadata.package_discovery.colcon_meta:Using configuration from '/root/.colcon/metadata/default/fastrtps.meta'
[0.319s] Level 1:colcon.colcon_core.package_discovery:discover_packages(recursive) check parameters
[0.319s] Level 1:colcon.colcon_core.package_discovery:discover_packages(ignore) check parameters
[0.319s] Level 1:colcon.colcon_core.package_discovery:discover_packages(path) check parameters
[0.319s] Level 1:colcon.colcon_core.package_discovery:discover_packages(colcon_meta) discover
[0.319s] Level 1:colcon.colcon_core.package_discovery:discover_packages(recursive) discover
[0.319s] INFO:colcon.colcon_core.package_discovery:Crawling recursively for packages in '/root/mobile_robotics_ws'
[0.319s] Level 1:colcon.colcon_core.package_identification:_identify(.) by extensions ['ignore', 'ignore_ament_install']
[0.319s] Level 1:colcon.colcon_core.package_identification:_identify(.) by extension 'ignore'
[0.319s] Level 1:colcon.colcon_core.package_identification:_identify(.) by extension 'ignore_ament_install'
[0.319s] Level 1:colcon.colcon_core.package_identification:_identify(.) by extensions ['colcon_pkg']
[0.319s] Level 1:colcon.colcon_core.package_identification:_identify(.) by extension 'colcon_pkg'
[0.319s] Level 1:colcon.colcon_core.package_identification:_identify(.) by extensions ['colcon_meta']
[0.319s] Level 1:colcon.colcon_core.package_identification:_identify(.) by extension 'colcon_meta'
[0.319s] Level 1:colcon.colcon_core.package_identification:_identify(.) by extensions ['ros']
[0.319s] Level 1:colcon.colcon_core.package_identification:_identify(.) by extension 'ros'
[0.333s] Level 1:colcon.colcon_core.package_identification:_identify(.) by extensions ['cmake', 'python']
[0.333s] Level 1:colcon.colcon_core.package_identification:_identify(.) by extension 'cmake'
[0.333s] Level 1:colcon.colcon_core.package_identification:_identify(.) by extension 'python'
[0.333s] Level 1:colcon.colcon_core.package_identification:_identify(.) by extensions ['python_setup_py']
[0.333s] Level 1:colcon.colcon_core.package_identification:_identify(.) by extension 'python_setup_py'
[0.333s] Level 1:colcon.colcon_core.package_identification:_identify(build) by extensions ['ignore', 'ignore_ament_install']
[0.334s] Level 1:colcon.colcon_core.package_identification:_identify(build) by extension 'ignore'
[0.334s] Level 1:colcon.colcon_core.package_identification:_identify(build) ignored
[0.334s] Level 1:colcon.colcon_core.package_identification:_identify(install) by extensions ['ignore', 'ignore_ament_install']
[0.334s] Level 1:colcon.colcon_core.package_identification:_identify(install) by extension 'ignore'
[0.334s] Level 1:colcon.colcon_core.package_identification:_identify(install) ignored
[0.334s] Level 1:colcon.colcon_core.package_identification:_identify(log) by extensions ['ignore', 'ignore_ament_install']
[0.334s] Level 1:colcon.colcon_core.package_identification:_identify(log) by extension 'ignore'
[0.334s] Level 1:colcon.colcon_core.package_identification:_identify(log) ignored
[0.334s] Level 1:colcon.colcon_core.package_identification:_identify(src) by extensions ['ignore', 'ignore_ament_install']
[0.334s] Level 1:colcon.colcon_core.package_identification:_identify(src) by extension 'ignore'
[0.334s] Level 1:colcon.colcon_core.package_identification:_identify(src) by extension 'ignore_ament_install'
[0.334s] Level 1:colcon.colcon_core.package_identification:_identify(src) by extensions ['colcon_pkg']
[0.334s] Level 1:colcon.colcon_core.package_identification:_identify(src) by extension 'colcon_pkg'
[0.334s] Level 1:colcon.colcon_core.package_identification:_identify(src) by extensions ['colcon_meta']
[0.334s] Level 1:colcon.colcon_core.package_identification:_identify(src) by extension 'colcon_meta'
[0.334s] Level 1:colcon.colcon_core.package_identification:_identify(src) by extensions ['ros']
[0.334s] Level 1:colcon.colcon_core.package_identification:_identify(src) by extension 'ros'
[0.335s] Level 1:colcon.colcon_core.package_identification:_identify(src) by extensions ['cmake', 'python']
[0.335s] Level 1:colcon.colcon_core.package_identification:_identify(src) by extension 'cmake'
[0.335s] Level 1:colcon.colcon_core.package_identification:_identify(src) by extension 'python'
[0.335s] Level 1:colcon.colcon_core.package_identification:_identify(src) by extensions ['python_setup_py']
[0.335s] Level 1:colcon.colcon_core.package_identification:_identify(src) by extension 'python_setup_py'
[0.335s] Level 1:colcon.colcon_core.package_identification:_identify(src/lab1_turtle) by extensions ['ignore', 'ignore_ament_install']
[0.335s] Level 1:colcon.colcon_core.package_identification:_identify(src/lab1_turtle) by extension 'ignore'
[0.335s] Level 1:colcon.colcon_core.package_identification:_identify(src/lab1_turtle) by extension 'ignore_ament_install'
[0.335s] Level 1:colcon.colcon_core.package_identification:_identify(src/lab1_turtle) by extensions ['colcon_pkg']
[0.335s] Level 1:colcon.colcon_core.package_identification:_identify(src/lab1_turtle) by extension 'colcon_pkg'
[0.335s] Level 1:colcon.colcon_core.package_identification:_identify(src/lab1_turtle) by extensions ['colcon_meta']
[0.335s] Level 1:colcon.colcon_core.package_identification:_identify(src/lab1_turtle) by extension 'colcon_meta'
[0.335s] Level 1:colcon.colcon_core.package_identification:_identify(src/lab1_turtle) by extensions ['ros']
[0.335s] Level 1:colcon.colcon_core.package_identification:_identify(src/lab1_turtle) by extension 'ros'
[0.339s] DEBUG:colcon.colcon_core.package_identification:Package 'src/lab1_turtle' with type 'ros.ament_python' and name 'lab1_turtle'
[0.339s] Level 1:colcon.colcon_core.package_discovery:discover_packages(recursive) using defaults
[0.339s] Level 1:colcon.colcon_core.package_discovery:discover_packages(ignore) discover
[0.339s] Level 1:colcon.colcon_core.package_discovery:discover_packages(ignore) using defaults
[0.339s] Level 1:colcon.colcon_core.package_discovery:discover_packages(path) discover
[0.339s] Level 1:colcon.colcon_core.package_discovery:discover_packages(path) using defaults
[0.363s] Level 5:colcon.colcon_core.verb:set package 'lab1_turtle' build argument 'cmake_args' from command line to 'None'
[0.363s] Level 5:colcon.colcon_core.verb:set package 'lab1_turtle' build argument 'cmake_target' from command line to 'None'
[0.363s] Level 5:colcon.colcon_core.verb:set package 'lab1_turtle' build argument 'cmake_target_skip_unavailable' from command line to 'False'
[0.363s] Level 5:colcon.colcon_core.verb:set package 'lab1_turtle' build argument 'cmake_clean_cache' from command line to 'False'
[0.363s] Level 5:colcon.colcon_core.verb:set package 'lab1_turtle' build argument 'cmake_clean_first' from command line to 'False'
[0.363s] Level 5:colcon.colcon_core.verb:set package 'lab1_turtle' build argument 'cmake_force_configure' from command line to 'False'
[0.363s] Level 5:colcon.colcon_core.verb:set package 'lab1_turtle' build argument 'ament_cmake_args' from command line to 'None'
[0.363s] Level 5:colcon.colcon_core.verb:set package 'lab1_turtle' build argument 'catkin_cmake_args' from command line to 'None'
[0.363s] Level 5:colcon.colcon_core.verb:set package 'lab1_turtle' build argument 'catkin_skip_building_tests' from command line to 'False'
[0.363s] DEBUG:colcon.colcon_core.verb:Building package 'lab1_turtle' with the following arguments: {'ament_cmake_args': None, 'build_base': '/root/mobile_robotics_ws/build/lab1_turtle', 'catkin_cmake_args': None, 'catkin_skip_building_tests': False, 'cmake_args': None, 'cmake_clean_cache': False, 'cmake_clean_first': False, 'cmake_force_configure': False, 'cmake_target': None, 'cmake_target_skip_unavailable': False, 'install_base': '/root/mobile_robotics_ws/install/lab1_turtle', 'merge_install': False, 'path': '/root/mobile_robotics_ws/src/lab1_turtle', 'symlink_install': True, 'test_result_base': None}
[0.364s] INFO:colcon.colcon_core.executor:Executing jobs using 'parallel' executor
[0.365s] DEBUG:colcon.colcon_parallel_executor.executor.parallel:run_until_complete
[0.365s] INFO:colcon.colcon_ros.task.ament_python.build:Building ROS package in '/root/mobile_robotics_ws/src/lab1_turtle' with build type 'ament_python'
[0.365s] Level 1:colcon.colcon_core.shell:create_environment_hook('lab1_turtle', 'ament_prefix_path')
[0.367s] INFO:colcon.colcon_core.plugin_system:Skipping extension 'colcon_core.shell.bat': Not used on non-Windows systems
[0.367s] INFO:colcon.colcon_core.shell:Creating environment hook '/root/mobile_robotics_ws/install/lab1_turtle/share/lab1_turtle/hook/ament_prefix_path.ps1'
[0.368s] INFO:colcon.colcon_core.shell:Creating environment descriptor '/root/mobile_robotics_ws/install/lab1_turtle/share/lab1_turtle/hook/ament_prefix_path.dsv'
[0.369s] INFO:colcon.colcon_core.shell:Creating environment hook '/root/mobile_robotics_ws/install/lab1_turtle/share/lab1_turtle/hook/ament_prefix_path.sh'
[0.370s] INFO:colcon.colcon_core.shell:Skip shell extension 'powershell' for command environment: Not usable outside of PowerShell
[0.371s] DEBUG:colcon.colcon_core.shell:Skip shell extension 'dsv' for command environment
[0.679s] INFO:colcon.colcon_core.task.python.build:Building Python package in '/root/mobile_robotics_ws/src/lab1_turtle'
[0.679s] INFO:colcon.colcon_core.shell:Skip shell extension 'powershell' for command environment: Not usable outside of PowerShell
[0.679s] DEBUG:colcon.colcon_core.shell:Skip shell extension 'dsv' for command environment
[1.064s] DEBUG:colcon.colcon_core.task.python.build:Available setuptools commands: install_data, build, develop, bdist_rpm, install_egg_info, register, bdist_dumb, saveopts, check, bdist_egg, dist_info, easy_install, rotate, upload_docs, build_py, upload, bdist, build_ext, sdist, egg_info, install_scripts, build_clib, install, install_headers, test, clean, symlink_data, install_lib, alias, setopt, build_scripts
[1.370s] DEBUG:colcon.colcon_core.task.python.build:Available setuptools 'develop' options: --exclude-scripts, --allow-hosts, --editable, --multi-version, --dry-run, --prefix, --site-dirs, --force-installation-into-system-dir, --local-snapshots-ok, --no-find-links, --verbose, --quiet, --record, --user, --help, --no-deps, --egg-path, --always-unzip, --script-dir, --always-copy, --upgrade, --uninstall, --no-user-cfg, --optimize, --install-layout, --version, --find-links, --build-directory, --zip-ok, --install-dir, --index-url
[1.372s] DEBUG:colcon.colcon_core.event_handler.log_command:Invoking command in '/root/mobile_robotics_ws/build/lab1_turtle': PYTHONPATH=/root/mobile_robotics_ws/build/lab1_turtle/prefix_override:/usr/lib/python3/dist-packages/colcon_core/task/python/colcon_distutils_commands:/root/mobile_robotics_ws/install/lab1_turtle/lib/python3.10/site-packages:${PYTHONPATH} /usr/bin/python3 -W ignore:setup.py install is deprecated -W ignore:easy_install command is deprecated setup.py develop --editable --build-directory /root/mobile_robotics_ws/build/lab1_turtle/build --no-deps symlink_data
[1.868s] Level 1:colcon.colcon_core.shell:create_environment_hook('lab1_turtle', 'pythonpath_develop')
[1.869s] INFO:colcon.colcon_core.shell:Creating environment hook '/root/mobile_robotics_ws/build/lab1_turtle/share/lab1_turtle/hook/pythonpath_develop.ps1'
[1.869s] DEBUG:colcon.colcon_core.event_handler.log_command:Invoked command in '/root/mobile_robotics_ws/build/lab1_turtle' returned '0': PYTHONPATH=/root/mobile_robotics_ws/build/lab1_turtle/prefix_override:/usr/lib/python3/dist-packages/colcon_core/task/python/colcon_distutils_commands:/root/mobile_robotics_ws/install/lab1_turtle/lib/python3.10/site-packages:${PYTHONPATH} /usr/bin/python3 -W ignore:setup.py install is deprecated -W ignore:easy_install command is deprecated setup.py develop --editable --build-directory /root/mobile_robotics_ws/build/lab1_turtle/build --no-deps symlink_data
[1.870s] INFO:colcon.colcon_core.shell:Creating environment descriptor '/root/mobile_robotics_ws/build/lab1_turtle/share/lab1_turtle/hook/pythonpath_develop.dsv'
[1.870s] INFO:colcon.colcon_core.shell:Creating environment hook '/root/mobile_robotics_ws/build/lab1_turtle/share/lab1_turtle/hook/pythonpath_develop.sh'
[1.874s] Level 1:colcon.colcon_core.environment:checking '/root/mobile_robotics_ws/install/lab1_turtle' for CMake module files
[1.875s] Level 1:colcon.colcon_core.environment:checking '/root/mobile_robotics_ws/install/lab1_turtle' for CMake config files
[1.875s] Level 1:colcon.colcon_core.environment:checking '/root/mobile_robotics_ws/install/lab1_turtle/lib'
[1.876s] Level 1:colcon.colcon_core.environment:checking '/root/mobile_robotics_ws/install/lab1_turtle/bin'
[1.876s] Level 1:colcon.colcon_core.environment:checking '/root/mobile_robotics_ws/install/lab1_turtle/lib/pkgconfig/lab1_turtle.pc'
[1.876s] Level 1:colcon.colcon_core.environment:checking '/root/mobile_robotics_ws/install/lab1_turtle/lib/python3.10/site-packages'
[1.876s] Level 1:colcon.colcon_core.shell:create_environment_hook('lab1_turtle', 'pythonpath')
[1.876s] INFO:colcon.colcon_core.shell:Creating environment hook '/root/mobile_robotics_ws/install/lab1_turtle/share/lab1_turtle/hook/pythonpath.ps1'
[1.877s] INFO:colcon.colcon_core.shell:Creating environment descriptor '/root/mobile_robotics_ws/install/lab1_turtle/share/lab1_turtle/hook/pythonpath.dsv'
[1.878s] INFO:colcon.colcon_core.shell:Creating environment hook '/root/mobile_robotics_ws/install/lab1_turtle/share/lab1_turtle/hook/pythonpath.sh'
[1.879s] Level 1:colcon.colcon_core.environment:checking '/root/mobile_robotics_ws/install/lab1_turtle/bin'
[1.880s] Level 1:colcon.colcon_core.environment:create_environment_scripts_only(lab1_turtle)
[1.880s] INFO:colcon.colcon_core.shell:Creating package script '/root/mobile_robotics_ws/install/lab1_turtle/share/lab1_turtle/package.ps1'
[1.883s] INFO:colcon.colcon_core.shell:Creating package descriptor '/root/mobile_robotics_ws/install/lab1_turtle/share/lab1_turtle/package.dsv'
[1.884s] INFO:colcon.colcon_core.shell:Creating package script '/root/mobile_robotics_ws/install/lab1_turtle/share/lab1_turtle/package.sh'
[1.886s] INFO:colcon.colcon_core.shell:Creating package script '/root/mobile_robotics_ws/install/lab1_turtle/share/lab1_turtle/package.bash'
[1.888s] INFO:colcon.colcon_core.shell:Creating package script '/root/mobile_robotics_ws/install/lab1_turtle/share/lab1_turtle/package.zsh'
[1.889s] Level 1:colcon.colcon_core.environment:create_file_with_runtime_dependencies(/root/mobile_robotics_ws/install/lab1_turtle/share/colcon-core/packages/lab1_turtle)
[1.890s] DEBUG:colcon.colcon_parallel_executor.executor.parallel:closing loop
[1.890s] DEBUG:colcon.colcon_parallel_executor.executor.parallel:loop closed
[1.890s] DEBUG:colcon.colcon_parallel_executor.executor.parallel:run_until_complete finished with '0'
[1.890s] DEBUG:colcon.colcon_core.event_reactor:joining thread
[1.897s] INFO:colcon.colcon_core.plugin_system:Skipping extension 'colcon_notification.desktop_notification.notify_send': Could not find 'notify-send'
[1.897s] INFO:colcon.colcon_core.plugin_system:Skipping extension 'colcon_notification.desktop_notification.terminal_notifier': Not used on non-Darwin systems
[1.897s] INFO:colcon.colcon_core.plugin_system:Skipping extension 'colcon_notification.desktop_notification.win32': Not used on non-Windows systems
[1.897s] INFO:colcon.colcon_notification.desktop_notification:Sending desktop notification using 'notify2'
[1.901s] DEBUG:colcon.colcon_notification.desktop_notification.notify2:Failed to initialize notify2: org.freedesktop.DBus.Error.Spawn.ExecFailed: /usr/bin/dbus-launch terminated abnormally without any error message
[1.902s] DEBUG:colcon.colcon_core.event_reactor:joined thread
[1.902s] INFO:colcon.colcon_core.shell:Creating prefix script '/root/mobile_robotics_ws/install/local_setup.ps1'
[1.904s] INFO:colcon.colcon_core.shell:Creating prefix util module '/root/mobile_robotics_ws/install/_local_setup_util_ps1.py'
[1.905s] INFO:colcon.colcon_core.shell:Creating prefix chain script '/root/mobile_robotics_ws/install/setup.ps1'
[1.908s] INFO:colcon.colcon_core.shell:Creating prefix script '/root/mobile_robotics_ws/install/local_setup.sh'
[1.909s] INFO:colcon.colcon_core.shell:Creating prefix util module '/root/mobile_robotics_ws/install/_local_setup_util_sh.py'
[1.909s] INFO:colcon.colcon_core.shell:Creating prefix chain script '/root/mobile_robotics_ws/install/setup.sh'
[1.911s] INFO:colcon.colcon_core.shell:Creating prefix script '/root/mobile_robotics_ws/install/local_setup.bash'
[1.912s] INFO:colcon.colcon_core.shell:Creating prefix chain script '/root/mobile_robotics_ws/install/setup.bash'
[1.914s] INFO:colcon.colcon_core.shell:Creating prefix script '/root/mobile_robotics_ws/install/local_setup.zsh'
[1.915s] INFO:colcon.colcon_core.shell:Creating prefix chain script '/root/mobile_robotics_ws/install/setup.zsh'
