[1.156s] Invoking command in '/root/mobile_robotics_ws/src/lab1_turtle': PYTHONPATH=/root/mobile_robotics_ws/build/lab1_turtle/prefix_override:/usr/lib/python3/dist-packages/colcon_core/task/python/colcon_distutils_commands:/root/mobile_robotics_ws/install/lab1_turtle/lib/python3.10/site-packages:${PYTHONPATH} /usr/bin/python3 -W ignore:setup.py install is deprecated -W ignore:easy_install command is deprecated setup.py egg_info --egg-base ../../build/lab1_turtle build --build-base /root/mobile_robotics_ws/build/lab1_turtle/build install --record /root/mobile_robotics_ws/build/lab1_turtle/install.log --install-scripts $base/lib/lab1_turtle --single-version-externally-managed install_data
[1.565s] running egg_info
[1.566s] writing ../../build/lab1_turtle/lab1_turtle.egg-info/PKG-INFO
[1.566s] writing dependency_links to ../../build/lab1_turtle/lab1_turtle.egg-info/dependency_links.txt
[1.567s] writing entry points to ../../build/lab1_turtle/lab1_turtle.egg-info/entry_points.txt
[1.567s] writing requirements to ../../build/lab1_turtle/lab1_turtle.egg-info/requires.txt
[1.567s] writing top-level names to ../../build/lab1_turtle/lab1_turtle.egg-info/top_level.txt
[1.570s] reading manifest file '../../build/lab1_turtle/lab1_turtle.egg-info/SOURCES.txt'
[1.573s] writing manifest file '../../build/lab1_turtle/lab1_turtle.egg-info/SOURCES.txt'
[1.573s] running build
[1.573s] running build_py
[1.573s] running install
[1.574s] running install_lib
[1.577s] running install_data
[1.578s] running install_egg_info
[1.584s] removing '/root/mobile_robotics_ws/install/lab1_turtle/lib/python3.10/site-packages/lab1_turtle-0.0.0-py3.10.egg-info' (and everything under it)
[1.585s] Copying ../../build/lab1_turtle/lab1_turtle.egg-info to /root/mobile_robotics_ws/install/lab1_turtle/lib/python3.10/site-packages/lab1_turtle-0.0.0-py3.10.egg-info
[1.590s] running install_scripts
[1.636s] Installing circle_driver script to /root/mobile_robotics_ws/install/lab1_turtle/lib/lab1_turtle
[1.637s] writing list of installed files to '/root/mobile_robotics_ws/build/lab1_turtle/install.log'
[1.708s] Invoked command in '/root/mobile_robotics_ws/src/lab1_turtle' returned '0': PYTHONPATH=/root/mobile_robotics_ws/build/lab1_turtle/prefix_override:/usr/lib/python3/dist-packages/colcon_core/task/python/colcon_distutils_commands:/root/mobile_robotics_ws/install/lab1_turtle/lib/python3.10/site-packages:${PYTHONPATH} /usr/bin/python3 -W ignore:setup.py install is deprecated -W ignore:easy_install command is deprecated setup.py egg_info --egg-base ../../build/lab1_turtle build --build-base /root/mobile_robotics_ws/build/lab1_turtle/build install --record /root/mobile_robotics_ws/build/lab1_turtle/install.log --install-scripts $base/lib/lab1_turtle --single-version-externally-managed install_data
