[1.504s] Invoking command in '/root/mobile_robotics_ws/build/lab1_turtle': PYTHONPATH=/root/mobile_robotics_ws/build/lab1_turtle/prefix_override:/usr/lib/python3/dist-packages/colcon_core/task/python/colcon_distutils_commands:/root/mobile_robotics_ws/install/lab1_turtle/lib/python3.10/site-packages:${PYTHONPATH} /usr/bin/python3 -W ignore:setup.py install is deprecated -W ignore:easy_install command is deprecated setup.py develop --editable --build-directory /root/mobile_robotics_ws/build/lab1_turtle/build --no-deps symlink_data
[1.911s] running develop
[2.110s] running egg_info
[2.111s] creating lab1_turtle.egg-info
[2.111s] writing lab1_turtle.egg-info/PKG-INFO
[2.111s] writing dependency_links to lab1_turtle.egg-info/dependency_links.txt
[2.112s] writing entry points to lab1_turtle.egg-info/entry_points.txt
[2.112s] writing requirements to lab1_turtle.egg-info/requires.txt
[2.112s] writing top-level names to lab1_turtle.egg-info/top_level.txt
[2.112s] writing manifest file 'lab1_turtle.egg-info/SOURCES.txt'
[2.115s] reading manifest file 'lab1_turtle.egg-info/SOURCES.txt'
[2.116s] writing manifest file 'lab1_turtle.egg-info/SOURCES.txt'
[2.119s] running build_ext
[2.119s] Creating /root/mobile_robotics_ws/install/lab1_turtle/lib/python3.10/site-packages/lab1-turtle.egg-link (link to .)
[2.122s] Installing circle_driver script to /root/mobile_robotics_ws/install/lab1_turtle/lib/lab1_turtle
[2.122s] 
[2.122s] Installed /root/mobile_robotics_ws/build/lab1_turtle
[2.123s] running symlink_data
[2.123s] creating /root/mobile_robotics_ws/install/lab1_turtle/share/ament_index
[2.123s] creating /root/mobile_robotics_ws/install/lab1_turtle/share/ament_index/resource_index
[2.123s] creating /root/mobile_robotics_ws/install/lab1_turtle/share/ament_index/resource_index/packages
[2.123s] symbolically linking /root/mobile_robotics_ws/build/lab1_turtle/resource/lab1_turtle -> /root/mobile_robotics_ws/install/lab1_turtle/share/ament_index/resource_index/packages
[2.123s] symbolically linking /root/mobile_robotics_ws/build/lab1_turtle/package.xml -> /root/mobile_robotics_ws/install/lab1_turtle/share/lab1_turtle
[2.182s] Invoked command in '/root/mobile_robotics_ws/build/lab1_turtle' returned '0': PYTHONPATH=/root/mobile_robotics_ws/build/lab1_turtle/prefix_override:/usr/lib/python3/dist-packages/colcon_core/task/python/colcon_distutils_commands:/root/mobile_robotics_ws/install/lab1_turtle/lib/python3.10/site-packages:${PYTHONPATH} /usr/bin/python3 -W ignore:setup.py install is deprecated -W ignore:easy_install command is deprecated setup.py develop --editable --build-directory /root/mobile_robotics_ws/build/lab1_turtle/build --no-deps symlink_data
